// Vitest Snapshot v1, https://vitest.dev/guide/snapshot.html

exports[`ProductInfoSkeleton > devrait correspondre au snapshot 1`] = `
<div>
  <div
    class="bg-white rounded-lg border shadow-sm overflow-hidden"
  >
    <div
      class="grid grid-cols-1 md:grid-cols-2 gap-8 p-6"
    >
      <div
        class="relative aspect-square rounded-lg overflow-hidden bg-gray-100"
      >
        <div
          class="h-full w-full"
          data-testid="skeleton"
        />
        <div
          class="absolute top-3 left-3"
        >
          <div
            class="h-6 w-16 rounded-full"
            data-testid="skeleton"
          />
        </div>
        <div
          class="absolute top-3 right-3"
        >
          <div
            class="h-9 w-9 rounded-full"
            data-testid="skeleton"
          />
        </div>
      </div>
      <div
        class="flex flex-col"
      >
        <div
          class="h-9 w-4/5 mb-2"
          data-testid="skeleton"
        />
        <div
          class="h-5 w-1/3 mb-4"
          data-testid="skeleton"
        />
        <div
          class="flex items-center gap-2 mt-3"
        >
          <div
            class="h-4 w-28"
            data-testid="skeleton"
          />
          <div
            class="h-6 w-24 rounded-full ml-2"
            data-testid="skeleton"
          />
        </div>
        <div
          class="mt-6 flex items-baseline gap-2"
        >
          <div
            class="h-8 w-24"
            data-testid="skeleton"
          />
          <div
            class="h-6 w-20"
            data-testid="skeleton"
          />
        </div>
        <div
          class="mt-6 space-y-2"
        >
          <div
            class="h-4 w-full"
            data-testid="skeleton"
          />
          <div
            class="h-4 w-full"
            data-testid="skeleton"
          />
          <div
            class="h-4 w-3/4"
            data-testid="skeleton"
          />
        </div>
        <div
          class="flex flex-wrap gap-2 mt-6"
        >
          <div
            class="h-6 w-16 rounded-full"
            data-testid="skeleton"
          />
          <div
            class="h-6 w-20 rounded-full"
            data-testid="skeleton"
          />
          <div
            class="h-6 w-14 rounded-full"
            data-testid="skeleton"
          />
        </div>
        <div
          class="grid grid-cols-2 gap-3 mt-8"
        >
          <div
            class="h-11 w-full rounded-md"
            data-testid="skeleton"
          />
          <div
            class="h-11 w-full rounded-md"
            data-testid="skeleton"
          />
        </div>
        <div
          class="mt-8 space-y-3"
        >
          <div
            class="flex items-center gap-2"
          >
            <div
              class="h-4 w-4"
              data-testid="skeleton"
            />
            <div
              class="h-4 w-48"
              data-testid="skeleton"
            />
          </div>
          <div
            class="flex items-center gap-2"
          >
            <div
              class="h-4 w-4"
              data-testid="skeleton"
            />
            <div
              class="h-4 w-56"
              data-testid="skeleton"
            />
          </div>
        </div>
      </div>
    </div>
    <hr
      data-testid="separator"
    />
    <div
      class="p-6"
    >
      <div
        data-default-value="details"
        data-testid="tabs"
      >
        <div
          class="grid w-full grid-cols-3"
          data-testid="tabs-list"
        >
          <button
            data-testid="tabs-trigger-details"
            data-value="details"
          >
            Details
          </button>
          <button
            data-testid="tabs-trigger-specifications"
            data-value="specifications"
          >
            Specifications
          </button>
          <button
            data-testid="tabs-trigger-reviews"
            data-value="reviews"
          >
            Reviews
          </button>
        </div>
        <div
          class="pt-4"
          data-testid="tabs-content-details"
          data-value="details"
        >
          <div
            class="h-6 w-40 mb-3"
            data-testid="skeleton"
          />
          <div
            class="space-y-2"
          >
            <div
              class="h-4 w-full"
              data-testid="skeleton"
            />
            <div
              class="h-4 w-full"
              data-testid="skeleton"
            />
            <div
              class="h-4 w-3/4"
              data-testid="skeleton"
            />
          </div>
        </div>
      </div>
    </div>
  </div>
</div>
`;
